Microchip MPLAB XC8 Compiler V1.40 ()

Linker command line:

-W-3 --edf=/opt/microchip/xc8/v1.40/dat/en_msgs.txt -cs \
  -h+dist/default/production/PIC16_L6206.X.production.sym \
  --cmf=dist/default/production/PIC16_L6206.X.production.cmf -z -Q16F684 \
  -o/tmp/xcXm2og8v -Mdist/default/production/PIC16_L6206.X.production.map \
  -E1 -ver=XC8 -ASTACK=02Ch-06fh -pstack=STACK -ACODE=00h-07FFh \
  -ASTRCODE=00h-07FFh -ASTRING=00h-0FFhx8 -ACONST=00h-0FFhx8 \
  -AENTRY=00h-0FFhx8 -ACOMMON=070h-07Fh -ABANK0=020h-06Fh -ABANK1=0A0h-0BFh \
  -ARAM=020h-06Fh,0A0h-0BFh -AABS1=020h-07Fh,0A0h-0BFh -ASFR0=00h-01Fh \
  -ASFR1=080h-09Fh -preset_vec=00h,intentry=04h,init,end_init \
  -ppowerup=CODE -pcinit=CODE -pfunctab=CODE -ACONFIG=02007h-02007h \
  -pconfig=CONFIG -DCONFIG=2 -AIDLOC=02000h-02003h -pidloc=IDLOC -DIDLOC=2 \
  -AEEDATA=00h-0FFh/02100h -peeprom_data=EEDATA -DEEDATA=2 -DCODE=2 \
  -DSTRCODE=2 -DSTRING=2 -DCONST=2 -DENTRY=2 -k /tmp/xcXUYHTSl.obj \
  dist/default/production/PIC16_L6206.X.production.obj 

Object code version is 3.11

Machine type is 16F684



                Name                               Link     Load   Length Selector   Space Scale
/tmp/xcXUYHTSl.obj
                end_init                              F        F        1        8       0
                reset_vec                             0        0        1        0       0
                config                             2007     2007        1     400E       0
dist/default/production/PIC16_L6206.X.production.obj
                cinit                                10       10        8        8       0
                intentry                              4        4        B        8       0
                text8                               16D      16D       13        8       0
                text7                               18E      18E        D        8       0
                text6                               155      155       18        8       0
                text5                               104      104       1D        8       0
                text4                               180      180        E        8       0
                text3                               13C      13C       19        8       0
                text2                               121      121       1B        8       0
                text1                                D7       D7       2D        8       0
                maintext                             18       18       BF        8       0
                cstackBANK0                          26       26        6       20       1
                cstackCOMMON                         70       70        A       70       1
                bssBANK0                             20       20        6       20       1

TOTAL           Name                               Link     Load   Length     Space
        CLASS   STACK          

        CLASS   CODE           
                end_init                              F        F        1         0
                cinit                                10       10        8         0
                intentry                              4        4        B         0
                reset_vec                             0        0        1         0
                text8                               16D      16D       13         0
                text7                               18E      18E        D         0
                text6                               155      155       18         0
                text5                               104      104       1D         0
                text4                               180      180        E         0
                text3                               13C      13C       19         0
                text2                               121      121       1B         0
                text1                                D7       D7       2D         0
                maintext                             18       18       BF         0

        CLASS   STRCODE        

        CLASS   STRING         

        CLASS   CONST          

        CLASS   ENTRY          

        CLASS   COMMON         
                cstackCOMMON                         70       70        A         1

        CLASS   BANK0          
                cstackBANK0                          26       26        6         1
                bssBANK0                             20       20        6         1

        CLASS   BANK1          

        CLASS   RAM            

        CLASS   ABS1           
                abs_s1                               7E       7E        2         1

        CLASS   SFR0           

        CLASS   SFR1           

        CLASS   CONFIG         
                config                             2007     2007        1         0

        CLASS   IDLOC          

        CLASS   EEDATA         



SEGMENTS        Name                           Load    Length   Top    Selector   Space  Class     Delta

                reset_vec                      000000  000001  000001         0       0  CODE        2
                intentry                       000004  000197  00019B         8       0  CODE        2
                bssBANK0                       000020  00000C  00002C        20       1  BANK0       1
                cstackCOMMON                   000070  00000A  00007A        70       1  COMMON      1
                config                         002007  000001  002008      400E       0  CONFIG      2


UNUSED ADDRESS RANGES

        Name                Unused          Largest block    Delta
        BANK0            002C-006F             44           1
        BANK1            00A0-00BF             20           1
        CODE             0001-0003              3           2
                         019B-07FF            665
        COMMON           007A-007D              4           1
        CONST            0001-0003              3           2
                         019B-07FF            100
        EEDATA           2100-21FF            100           2
        ENTRY            0001-0003              3           2
                         019B-07FF            100
        IDLOC            2000-2003              4           2
        RAM              002C-006F             44           1
                         00A0-00BF             20
        SFR0             0000-001F             20           1
        SFR1             0080-009F             20           1
        STACK            002C-006F             44           1
        STRCODE          0001-0003              3           2
                         019B-07FF            665
        STRING           0001-0003              3           2
                         019B-07FF            100

                                  Symbol Table

?_do_adc                  cstackCOMMON 0074
?_safe_substract          cstackCOMMON 0074
_ADCON0bits               (abs)        001F
_ADCON1bits               (abs)        009F
_ADRESH                   (abs)        001E
_ADRESL                   (abs)        009E
_ANSEL                    (abs)        0091
_ANSELbits                (abs)        0091
_CCP1CONbits              (abs)        0015
_CCPR1L                   (abs)        0013
_CMCON0                   (abs)        0019
_ECCPASbits               (abs)        0017
_INTCONbits               (abs)        000B
_PIE1bits                 (abs)        008C
_PIR1bits                 (abs)        000C
_PORTA                    (abs)        0005
_PORTAbits                (abs)        0005
_PORTC                    (abs)        0007
_PORTCbits                (abs)        0007
_PR2                      (abs)        0092
_PWM1CONbits              (abs)        0016
_T1CONbits                (abs)        0010
_T2CONbits                (abs)        0012
_TRISA                    (abs)        0085
_TRISAbits                (abs)        0085
_TRISC                    (abs)        0087
_TRISCbits                (abs)        0087
__CFG_BOREN$ON            (abs)        0000
__CFG_CP$OFF              (abs)        0000
__CFG_CPD$OFF             (abs)        0000
__CFG_FCMEN$OFF           (abs)        0000
__CFG_FOSC$HS             (abs)        0000
__CFG_IESO$OFF            (abs)        0000
__CFG_MCLRE$ON            (abs)        0000
__CFG_PWRTE$OFF           (abs)        0000
__CFG_WDTE$OFF            (abs)        0000
__Habs1                   abs1         0000
__Hbank0                  bank0        0000
__Hbank1                  bank1        0000
__HbssBANK0               bssBANK0     0000
__Hcinit                  cinit        0018
__Hclrtext                clrtext      0000
__Hcode                   code         0000
__Hcommon                 common       0000
__Hconfig                 config       2008
__HcstackBANK0            cstackBANK0  0000
__HcstackCOMMON           cstackCOMMON 0000
__Heeprom_data            eeprom_data  0000
__Hend_init               end_init     0010
__Hfunctab                functab      0000
__Hidloc                  idloc        0000
__Hinit                   init         000F
__Hintentry               intentry     000F
__Hmaintext               maintext     0000
__Hpowerup                powerup      0000
__Hram                    ram          0000
__Hreset_vec              reset_vec    0001
__Hsfr0                   sfr0         0000
__Hsfr1                   sfr1         0000
__Hspace_0                (abs)        2008
__Hspace_1                (abs)        007A
__Hspace_2                (abs)        0000
__Hspace_3                (abs)        0000
__Hstack                  stack        0000
__Hstrings                strings      0000
__Htext                   text         0000
__Labs1                   abs1         0000
__Lbank0                  bank0        0000
__Lbank1                  bank1        0000
__LbssBANK0               bssBANK0     0000
__Lcinit                  cinit        0010
__Lclrtext                clrtext      0000
__Lcode                   code         0000
__Lcommon                 common       0000
__Lconfig                 config       2007
__LcstackBANK0            cstackBANK0  0000
__LcstackCOMMON           cstackCOMMON 0000
__Leeprom_data            eeprom_data  0000
__Lend_init               end_init     000F
__Lfunctab                functab      0000
__Lidloc                  idloc        0000
__Linit                   init         000F
__Lintentry               intentry     0004
__Lmaintext               maintext     0000
__Lpowerup                powerup      0000
__Lram                    ram          0000
__Lreset_vec              reset_vec    0000
__Lsfr0                   sfr0         0000
__Lsfr1                   sfr1         0000
__Lspace_0                (abs)        0000
__Lspace_1                (abs)        0000
__Lspace_2                (abs)        0000
__Lspace_3                (abs)        0000
__Lstack                  stack        0000
__Lstrings                strings      0000
__Ltext                   text         0000
__S0                      (abs)        2008
__S1                      (abs)        007A
__S2                      (abs)        0000
__S3                      (abs)        0000
___int_sp                 stack        0000
___latbits                (abs)        0000
___sp                     stack        0000
__end_of__initialization  cinit        0016
__end_of_configure_adc    text7        019B
__end_of_configure_ports  text6        016D
__end_of_configure_pwm    text5        0121
__end_of_configure_tmr    text4        018E
__end_of_do_adc           text3        0155
__end_of_inter            text8        0180
__end_of_main             maintext     00D7
__end_of_safe_substract   text2        013C
__end_of_set_duty         text1        0104
__initialization          cinit        0010
__pbssBANK0               bssBANK0     0020
__pcstackBANK0            cstackBANK0  0026
__pcstackCOMMON           cstackCOMMON 0070
__pintentry               intentry     0004
__pmaintext               maintext     0018
__ptext1                  text1        00D7
__ptext2                  text2        0121
__ptext3                  text3        013C
__ptext4                  text4        0180
__ptext5                  text5        0104
__ptext6                  text6        0155
__ptext7                  text7        018E
__ptext8                  text8        016D
__size_of_configure_adc   (abs)        0000
__size_of_configure_ports (abs)        0000
__size_of_configure_pwm   (abs)        0000
__size_of_configure_tmr   (abs)        0000
__size_of_do_adc          (abs)        0000
__size_of_inter           (abs)        0000
__size_of_main            (abs)        0000
__size_of_safe_substract  (abs)        0000
__size_of_set_duty        (abs)        0000
_configure_adc            text7        018E
_configure_ports          text6        0155
_configure_pwm            text5        0104
_configure_tmr            text4        0180
_do_adc                   text3        013C
_do_stuff                 bssBANK0     0024
_inter                    text8        016D
_main                     maintext     0018
_new_pwm_val              bssBANK0     0020
_old_pwm_val              bssBANK0     0022
_safe_substract           text2        0121
_set_duty                 text1        00D7
_tmr_cnt                  bssBANK0     0025
btemp                     (abs)        007E
do_adc@tmp                cstackCOMMON 0078
end_of_initialization     cinit        0016
interrupt_function        intentry     0004
intlevel0                 functab      0000
intlevel1                 functab      0000
intlevel2                 functab      0000
intlevel3                 functab      0000
intlevel4                 functab      0000
intlevel5                 functab      0000
main@adc                  cstackBANK0  0028
main@speed                cstackBANK0  002A
reset_vec                 reset_vec    0000
safe_substract@a          cstackCOMMON 0074
safe_substract@b          cstackCOMMON 0076
saved_w                   (abs)        007E
set_duty@duty             cstackCOMMON 0074
stackhi                   (abs)        0000
stacklo                   (abs)        0000
start                     init         000F
start_initialization      cinit        0010
wtemp0                    (abs)        007E


FUNCTION INFORMATION:

 *************** function _main *****************
 Defined at:
		line 31 in file "main.c"
 Parameters:    Size  Location     Type
		None
 Auto vars:     Size  Location     Type
  adc             2    2[BANK0 ] unsigned int 
  speed           2    4[BANK0 ] unsigned int 
 Return value:  Size  Location     Type
                  1    wreg      void 
 Registers used:
		wreg, status,2, status,0, pclath, cstack
 Tracked objects:
		On entry : 
		On exit  : 
		Unchanged: 
 Data sizes:     COMMON   BANK0   BANK1
      Params:         0       0       0
      Locals:         0       4       0
      Temps:          0       2       0
      Totals:         0       6       0
Total ram usage:        6 bytes
 Hardware stack levels required when called:    2
 This function calls:
		_configure_adc
		_configure_ports
		_configure_pwm
		_configure_tmr
		_do_adc
		_safe_substract
		_set_duty
 This function is called by:
		Startup code after reset
 This function uses a non-reentrant model


 *************** function _set_duty *****************
 Defined at:
		line 194 in file "main.c"
 Parameters:    Size  Location     Type
  duty            2    4[COMMON] unsigned int 
 Auto vars:     Size  Location     Type
		None
 Return value:  Size  Location     Type
                  1    wreg      void 
 Registers used:
		wreg, status,2, status,0
 Tracked objects:
		On entry : 
		On exit  : 
		Unchanged: 
 Data sizes:     COMMON   BANK0   BANK1
      Params:         2       0       0
      Locals:         0       0       0
      Temps:          2       0       0
      Totals:         4       0       0
Total ram usage:        4 bytes
 Hardware stack levels used:    1
 Hardware stack levels required when called:    1
 This function calls:
		Nothing
 This function is called by:
		_main
 This function uses a non-reentrant model


 *************** function _safe_substract *****************
 Defined at:
		line 174 in file "main.c"
 Parameters:    Size  Location     Type
  a               2    4[COMMON] unsigned int 
  b               2    6[COMMON] unsigned int 
 Auto vars:     Size  Location     Type
		None
 Return value:  Size  Location     Type
                  2    4[COMMON] unsigned int 
 Registers used:
		wreg, status,2, status,0
 Tracked objects:
		On entry : 
		On exit  : 
		Unchanged: 
 Data sizes:     COMMON   BANK0   BANK1
      Params:         4       0       0
      Locals:         0       0       0
      Temps:          2       0       0
      Totals:         6       0       0
Total ram usage:        6 bytes
 Hardware stack levels used:    1
 Hardware stack levels required when called:    1
 This function calls:
		Nothing
 This function is called by:
		_main
 This function uses a non-reentrant model


 *************** function _do_adc *****************
 Defined at:
		line 182 in file "main.c"
 Parameters:    Size  Location     Type
		None
 Auto vars:     Size  Location     Type
  tmp             2    8[COMMON] unsigned int 
 Return value:  Size  Location     Type
                  2    4[COMMON] unsigned int 
 Registers used:
		wreg
 Tracked objects:
		On entry : 
		On exit  : 
		Unchanged: 
 Data sizes:     COMMON   BANK0   BANK1
      Params:         2       0       0
      Locals:         2       0       0
      Temps:          2       0       0
      Totals:         6       0       0
Total ram usage:        6 bytes
 Hardware stack levels used:    1
 Hardware stack levels required when called:    1
 This function calls:
		Nothing
 This function is called by:
		_main
 This function uses a non-reentrant model


 *************** function _configure_tmr *****************
 Defined at:
		line 137 in file "main.c"
 Parameters:    Size  Location     Type
		None
 Auto vars:     Size  Location     Type
		None
 Return value:  Size  Location     Type
                  1    wreg      void 
 Registers used:
		wreg, status,2, status,0
 Tracked objects:
		On entry : 
		On exit  : 
		Unchanged: 
 Data sizes:     COMMON   BANK0   BANK1
      Params:         0       0       0
      Locals:         0       0       0
      Temps:          0       0       0
      Totals:         0       0       0
Total ram usage:        0 bytes
 Hardware stack levels used:    1
 Hardware stack levels required when called:    1
 This function calls:
		Nothing
 This function is called by:
		_main
 This function uses a non-reentrant model


 *************** function _configure_pwm *****************
 Defined at:
		line 150 in file "main.c"
 Parameters:    Size  Location     Type
		None
 Auto vars:     Size  Location     Type
		None
 Return value:  Size  Location     Type
                  1    wreg      void 
 Registers used:
		wreg, status,2, status,0
 Tracked objects:
		On entry : 
		On exit  : 
		Unchanged: 
 Data sizes:     COMMON   BANK0   BANK1
      Params:         0       0       0
      Locals:         0       0       0
      Temps:          0       0       0
      Totals:         0       0       0
Total ram usage:        0 bytes
 Hardware stack levels used:    1
 Hardware stack levels required when called:    1
 This function calls:
		Nothing
 This function is called by:
		_main
 This function uses a non-reentrant model


 *************** function _configure_ports *****************
 Defined at:
		line 102 in file "main.c"
 Parameters:    Size  Location     Type
		None
 Auto vars:     Size  Location     Type
		None
 Return value:  Size  Location     Type
                  1    wreg      void 
 Registers used:
		wreg, status,2
 Tracked objects:
		On entry : 
		On exit  : 
		Unchanged: 
 Data sizes:     COMMON   BANK0   BANK1
      Params:         0       0       0
      Locals:         0       0       0
      Temps:          0       0       0
      Totals:         0       0       0
Total ram usage:        0 bytes
 Hardware stack levels used:    1
 Hardware stack levels required when called:    1
 This function calls:
		Nothing
 This function is called by:
		_main
 This function uses a non-reentrant model


 *************** function _configure_adc *****************
 Defined at:
		line 127 in file "main.c"
 Parameters:    Size  Location     Type
		None
 Auto vars:     Size  Location     Type
		None
 Return value:  Size  Location     Type
                  1    wreg      void 
 Registers used:
		wreg, status,2, status,0
 Tracked objects:
		On entry : 
		On exit  : 
		Unchanged: 
 Data sizes:     COMMON   BANK0   BANK1
      Params:         0       0       0
      Locals:         0       0       0
      Temps:          0       0       0
      Totals:         0       0       0
Total ram usage:        0 bytes
 Hardware stack levels used:    1
 Hardware stack levels required when called:    1
 This function calls:
		Nothing
 This function is called by:
		_main
 This function uses a non-reentrant model


 *************** function _inter *****************
 Defined at:
		line 209 in file "main.c"
 Parameters:    Size  Location     Type
		None
 Auto vars:     Size  Location     Type
		None
 Return value:  Size  Location     Type
                  1    wreg      void 
 Registers used:
		wreg, status,2, status,0
 Tracked objects:
		On entry : 
		On exit  : 
		Unchanged: 
 Data sizes:     COMMON   BANK0   BANK1
      Params:         0       0       0
      Locals:         0       0       0
      Temps:          4       0       0
      Totals:         4       0       0
Total ram usage:        4 bytes
 Hardware stack levels used:    1
 This function calls:
		Nothing
 This function is called by:
		Interrupt level 1
 This function uses a non-reentrant model



MODULE INFORMATION

Module		Function		Class		Link	Load	Size
shared
		__initialization		CODE           	0010	0000	7

shared estimated size: 7

main.c
		_configure_adc 		CODE           	018E	0000	14
		_safe_substract		CODE           	0121	0000	28
		_configure_pwm 		CODE           	0104	0000	30
		_configure_tmr 		CODE           	0180	0000	15
		_do_adc        		CODE           	013C	0000	26
		_main          		CODE           	0018	0000	192
		_configure_ports		CODE           	0155	0000	25
		_inter         		CODE           	016D	0000	20
		_set_duty      		CODE           	00D7	0000	46

main.c estimated size: 396

